This is pdfTeX, Version 3.141592653-2.6-1.40.26 (TeX Live 2024/nixos.org) (preloaded format=pdflatex 1980.1.1)  21 JUL 2025 20:21
entering extended mode
 restricted \write18 enabled.
 %&-line parsing enabled.
**baikal.tex
(./baikal.tex
LaTeX2e <2024-11-01> patch level 2
L3 programming layer <2025-01-18>

(/nix/store/p1yahfldxg4ayc58dflvrrssbmpikhg0-texlive-combined-full-2024-final-t
exmfdist/tex/latex/base/article.cls
Document Class: article 2024/06/29 v1.4n Standard LaTeX document class

(/nix/store/p1yahfldxg4ayc58dflvrrssbmpikhg0-texlive-combined-full-2024-final-t
exmfdist/tex/latex/base/size12.clo
File: size12.clo 2024/06/29 v1.4n Standard LaTeX file (size option)
)
\c@part=\count196
\c@section=\count197
\c@subsection=\count198
\c@subsubsection=\count199
\c@paragraph=\count266
\c@subparagraph=\count267
\c@figure=\count268
\c@table=\count269
\abovecaptionskip=\skip49
\belowcaptionskip=\skip50
\bibindent=\dimen141
)
(/nix/store/p1yahfldxg4ayc58dflvrrssbmpikhg0-texlive-combined-full-2024-final-t
exmfdist/tex/latex/amsmath/amsmath.sty
Package: amsmath 2024/11/05 v2.17t AMS math features
\@mathmargin=\skip51

For additional information on amsmath, use the `?' option.

(/nix/store/p1yahfldxg4ayc58dflvrrssbmpikhg0-texlive-combined-full-2024-final-t
exmfdist/tex/latex/amsmath/amstext.sty
Package: amstext 2021/08/26 v2.01 AMS text

(/nix/store/p1yahfldxg4ayc58dflvrrssbmpikhg0-texlive-combined-full-2024-final-t
exmfdist/tex/latex/amsmath/amsgen.sty
File: amsgen.sty 1999/11/30 v2.0 generic functions
\@emptytoks=\toks17
\ex@=\dimen142
))
(/nix/store/p1yahfldxg4ayc58dflvrrssbmpikhg0-texlive-combined-full-2024-final-t
exmfdist/tex/latex/amsmath/amsbsy.sty
Package: amsbsy 1999/11/29 v1.2d Bold Symbols
\pmbraise@=\dimen143
)
(/nix/store/p1yahfldxg4ayc58dflvrrssbmpikhg0-texlive-combined-full-2024-final-t
exmfdist/tex/latex/amsmath/amsopn.sty
Package: amsopn 2022/04/08 v2.04 operator names
)
\inf@bad=\count270
LaTeX Info: Redefining \frac on input line 233.
\uproot@=\count271
\leftroot@=\count272
LaTeX Info: Redefining \overline on input line 398.
LaTeX Info: Redefining \colon on input line 409.
\classnum@=\count273
\DOTSCASE@=\count274
LaTeX Info: Redefining \ldots on input line 495.
LaTeX Info: Redefining \dots on input line 498.
LaTeX Info: Redefining \cdots on input line 619.
\Mathstrutbox@=\box52
\strutbox@=\box53
LaTeX Info: Redefining \big on input line 721.
LaTeX Info: Redefining \Big on input line 722.
LaTeX Info: Redefining \bigg on input line 723.
LaTeX Info: Redefining \Bigg on input line 724.
\big@size=\dimen144
LaTeX Font Info:    Redeclaring font encoding OML on input line 742.
LaTeX Font Info:    Redeclaring font encoding OMS on input line 743.
\macc@depth=\count275
LaTeX Info: Redefining \bmod on input line 904.
LaTeX Info: Redefining \pmod on input line 909.
LaTeX Info: Redefining \smash on input line 939.
LaTeX Info: Redefining \relbar on input line 969.
LaTeX Info: Redefining \Relbar on input line 970.
\c@MaxMatrixCols=\count276
\dotsspace@=\muskip17
\c@parentequation=\count277
\dspbrk@lvl=\count278
\tag@help=\toks18
\row@=\count279
\column@=\count280
\maxfields@=\count281
\andhelp@=\toks19
\eqnshift@=\dimen145
\alignsep@=\dimen146
\tagshift@=\dimen147
\tagwidth@=\dimen148
\totwidth@=\dimen149
\lineht@=\dimen150
\@envbody=\toks20
\multlinegap=\skip52
\multlinetaggap=\skip53
\mathdisplay@stack=\toks21
LaTeX Info: Redefining \[ on input line 2953.
LaTeX Info: Redefining \] on input line 2954.
)
(/nix/store/p1yahfldxg4ayc58dflvrrssbmpikhg0-texlive-combined-full-2024-final-t
exmfdist/tex/latex/amsfonts/amsfonts.sty
Package: amsfonts 2013/01/14 v3.01 Basic AMSFonts support
\symAMSa=\mathgroup4
\symAMSb=\mathgroup5
LaTeX Font Info:    Redeclaring math symbol \hbar on input line 98.
LaTeX Font Info:    Overwriting math alphabet `\mathfrak' in version `bold'
(Font)                  U/euf/m/n --> U/euf/b/n on input line 106.
)
(/nix/store/p1yahfldxg4ayc58dflvrrssbmpikhg0-texlive-combined-full-2024-final-t
exmfdist/tex/latex/amsfonts/amssymb.sty
Package: amssymb 2013/01/14 v3.01 AMS font symbols
)
(/nix/store/p1yahfldxg4ayc58dflvrrssbmpikhg0-texlive-combined-full-2024-final-t
exmfdist/tex/latex/tools/bm.sty
Package: bm 2023/12/19 v1.2f Bold Symbol Support (DPC/FMi)
\symboldoperators=\mathgroup6
\symboldletters=\mathgroup7
\symboldsymbols=\mathgroup8
Package bm Info: No bold for \OMX/cmex/m/n, using \pmb.
Package bm Info: No bold for \U/msa/m/n, using \pmb.
Package bm Info: No bold for \U/msb/m/n, using \pmb.
LaTeX Font Info:    Redeclaring math alphabet \mathbf on input line 149.
)
(/nix/store/p1yahfldxg4ayc58dflvrrssbmpikhg0-texlive-combined-full-2024-final-t
exmfdist/tex/latex/base/inputenc.sty
Package: inputenc 2024/02/08 v1.3d Input encoding file
\inpenc@prehook=\toks22
\inpenc@posthook=\toks23
)
(/nix/store/p1yahfldxg4ayc58dflvrrssbmpikhg0-texlive-combined-full-2024-final-t
exmfdist/tex/latex/base/latexsym.sty
Package: latexsym 1998/08/17 v2.2e Standard LaTeX package (lasy symbols)
\symlasy=\mathgroup9
LaTeX Font Info:    Overwriting symbol font `lasy' in version `bold'
(Font)                  U/lasy/m/n --> U/lasy/b/n on input line 52.
)
(/nix/store/p1yahfldxg4ayc58dflvrrssbmpikhg0-texlive-combined-full-2024-final-t
exmfdist/tex/latex/carlisle/slashed.sty
Package: slashed 1997/01/16 v0.01 Feynman Slashed Character Notation (DPC)
)
(/nix/store/p1yahfldxg4ayc58dflvrrssbmpikhg0-texlive-combined-full-2024-final-t
exmfdist/tex/latex/preprint/authblk.sty
Package: authblk 2001/02/27 1.3 (PWD)
\affilsep=\skip54
\@affilsep=\skip55
\c@Maxaffil=\count282
\c@authors=\count283
\c@affil=\count284
)
(/nix/store/p1yahfldxg4ayc58dflvrrssbmpikhg0-texlive-combined-full-2024-final-t
exmfdist/tex/latex/xcolor/xcolor.sty
Package: xcolor 2024/09/29 v3.02 LaTeX color extensions (UK)

(/nix/store/p1yahfldxg4ayc58dflvrrssbmpikhg0-texlive-combined-full-2024-final-t
exmfdist/tex/latex/graphics-cfg/color.cfg
File: color.cfg 2016/01/02 v1.6 sample color configuration
)
Package xcolor Info: Driver file: pdftex.def on input line 274.

(/nix/store/p1yahfldxg4ayc58dflvrrssbmpikhg0-texlive-combined-full-2024-final-t
exmfdist/tex/latex/graphics-def/pdftex.def
File: pdftex.def 2024/04/13 v1.2c Graphics/color driver for pdftex
)
(/nix/store/p1yahfldxg4ayc58dflvrrssbmpikhg0-texlive-combined-full-2024-final-t
exmfdist/tex/latex/graphics/mathcolor.ltx)
Package xcolor Info: Model `cmy' substituted by `cmy0' on input line 1349.
Package xcolor Info: Model `hsb' substituted by `rgb' on input line 1353.
Package xcolor Info: Model `RGB' extended on input line 1365.
Package xcolor Info: Model `HTML' substituted by `rgb' on input line 1367.
Package xcolor Info: Model `Hsb' substituted by `hsb' on input line 1368.
Package xcolor Info: Model `tHsb' substituted by `hsb' on input line 1369.
Package xcolor Info: Model `HSB' substituted by `hsb' on input line 1370.
Package xcolor Info: Model `Gray' substituted by `gray' on input line 1371.
Package xcolor Info: Model `wave' substituted by `hsb' on input line 1372.
)
(/nix/store/p1yahfldxg4ayc58dflvrrssbmpikhg0-texlive-combined-full-2024-final-t
exmfdist/tex/latex/hyperref/hyperref.sty
Package: hyperref 2024-11-05 v7.01l Hypertext links for LaTeX

(/nix/store/p1yahfldxg4ayc58dflvrrssbmpikhg0-texlive-combined-full-2024-final-t
exmfdist/tex/generic/iftex/iftex.sty
Package: iftex 2024/12/12 v1.0g TeX engine tests
)
(/nix/store/p1yahfldxg4ayc58dflvrrssbmpikhg0-texlive-combined-full-2024-final-t
exmfdist/tex/latex/graphics/keyval.sty
Package: keyval 2022/05/29 v1.15 key=value parser (DPC)
\KV@toks@=\toks24
)
(/nix/store/p1yahfldxg4ayc58dflvrrssbmpikhg0-texlive-combined-full-2024-final-t
exmfdist/tex/latex/kvsetkeys/kvsetkeys.sty
Package: kvsetkeys 2022-10-05 v1.19 Key value parser (HO)
)
(/nix/store/p1yahfldxg4ayc58dflvrrssbmpikhg0-texlive-combined-full-2024-final-t
exmfdist/tex/generic/kvdefinekeys/kvdefinekeys.sty
Package: kvdefinekeys 2019-12-19 v1.6 Define keys (HO)
)
(/nix/store/p1yahfldxg4ayc58dflvrrssbmpikhg0-texlive-combined-full-2024-final-t
exmfdist/tex/generic/pdfescape/pdfescape.sty
Package: pdfescape 2019/12/09 v1.15 Implements pdfTeX's escape features (HO)

(/nix/store/p1yahfldxg4ayc58dflvrrssbmpikhg0-texlive-combined-full-2024-final-t
exmfdist/tex/generic/ltxcmds/ltxcmds.sty
Package: ltxcmds 2023-12-04 v1.26 LaTeX kernel commands for general use (HO)
)
(/nix/store/p1yahfldxg4ayc58dflvrrssbmpikhg0-texlive-combined-full-2024-final-t
exmfdist/tex/generic/pdftexcmds/pdftexcmds.sty
Package: pdftexcmds 2020-06-27 v0.33 Utility functions of pdfTeX for LuaTeX (HO
)

(/nix/store/p1yahfldxg4ayc58dflvrrssbmpikhg0-texlive-combined-full-2024-final-t
exmfdist/tex/generic/infwarerr/infwarerr.sty
Package: infwarerr 2019/12/03 v1.5 Providing info/warning/error messages (HO)
)
Package pdftexcmds Info: \pdf@primitive is available.
Package pdftexcmds Info: \pdf@ifprimitive is available.
Package pdftexcmds Info: \pdfdraftmode found.
))
(/nix/store/p1yahfldxg4ayc58dflvrrssbmpikhg0-texlive-combined-full-2024-final-t
exmfdist/tex/latex/hycolor/hycolor.sty
Package: hycolor 2020-01-27 v1.10 Color options for hyperref/bookmark (HO)
)
(/nix/store/p1yahfldxg4ayc58dflvrrssbmpikhg0-texlive-combined-full-2024-final-t
exmfdist/tex/latex/hyperref/nameref.sty
Package: nameref 2023-11-26 v2.56 Cross-referencing by name of section

(/nix/store/p1yahfldxg4ayc58dflvrrssbmpikhg0-texlive-combined-full-2024-final-t
exmfdist/tex/latex/refcount/refcount.sty
Package: refcount 2019/12/15 v3.6 Data extraction from label references (HO)
)
(/nix/store/p1yahfldxg4ayc58dflvrrssbmpikhg0-texlive-combined-full-2024-final-t
exmfdist/tex/generic/gettitlestring/gettitlestring.sty
Package: gettitlestring 2019/12/15 v1.6 Cleanup title references (HO)

(/nix/store/p1yahfldxg4ayc58dflvrrssbmpikhg0-texlive-combined-full-2024-final-t
exmfdist/tex/latex/kvoptions/kvoptions.sty
Package: kvoptions 2022-06-15 v3.15 Key value format for package options (HO)
))
\c@section@level=\count285
)
(/nix/store/p1yahfldxg4ayc58dflvrrssbmpikhg0-texlive-combined-full-2024-final-t
exmfdist/tex/latex/etoolbox/etoolbox.sty
Package: etoolbox 2025/02/11 v2.5l e-TeX tools for LaTeX (JAW)
\etb@tempcnta=\count286
)
(/nix/store/p1yahfldxg4ayc58dflvrrssbmpikhg0-texlive-combined-full-2024-final-t
exmfdist/tex/generic/stringenc/stringenc.sty
Package: stringenc 2019/11/29 v1.12 Convert strings between diff. encodings (HO
)
)
\@linkdim=\dimen151
\Hy@linkcounter=\count287
\Hy@pagecounter=\count288

(/nix/store/p1yahfldxg4ayc58dflvrrssbmpikhg0-texlive-combined-full-2024-final-t
exmfdist/tex/latex/hyperref/pd1enc.def
File: pd1enc.def 2024-11-05 v7.01l Hyperref: PDFDocEncoding definition (HO)
Now handling font encoding PD1 ...
... no UTF-8 mapping file for font encoding PD1
)
(/nix/store/p1yahfldxg4ayc58dflvrrssbmpikhg0-texlive-combined-full-2024-final-t
exmfdist/tex/generic/intcalc/intcalc.sty
Package: intcalc 2019/12/15 v1.3 Expandable calculations with integers (HO)
)
\Hy@SavedSpaceFactor=\count289

(/nix/store/p1yahfldxg4ayc58dflvrrssbmpikhg0-texlive-combined-full-2024-final-t
exmfdist/tex/latex/hyperref/puenc.def
File: puenc.def 2024-11-05 v7.01l Hyperref: PDF Unicode definition (HO)
Now handling font encoding PU ...
... no UTF-8 mapping file for font encoding PU
)
Package hyperref Info: Hyper figures OFF on input line 4157.
Package hyperref Info: Link nesting OFF on input line 4162.
Package hyperref Info: Hyper index ON on input line 4165.
Package hyperref Info: Plain pages OFF on input line 4172.
Package hyperref Info: Backreferencing OFF on input line 4177.
Package hyperref Info: Implicit mode ON; LaTeX internals redefined.
Package hyperref Info: Bookmarks ON on input line 4424.
\c@Hy@tempcnt=\count290

(/nix/store/p1yahfldxg4ayc58dflvrrssbmpikhg0-texlive-combined-full-2024-final-t
exmfdist/tex/latex/url/url.sty
\Urlmuskip=\muskip18
Package: url 2013/09/16  ver 3.4  Verb mode for urls, etc.
)
LaTeX Info: Redefining \url on input line 4763.
\XeTeXLinkMargin=\dimen152

(/nix/store/p1yahfldxg4ayc58dflvrrssbmpikhg0-texlive-combined-full-2024-final-t
exmfdist/tex/generic/bitset/bitset.sty
Package: bitset 2019/12/09 v1.3 Handle bit-vector datatype (HO)

(/nix/store/p1yahfldxg4ayc58dflvrrssbmpikhg0-texlive-combined-full-2024-final-t
exmfdist/tex/generic/bigintcalc/bigintcalc.sty
Package: bigintcalc 2019/12/15 v1.5 Expandable calculations on big integers (HO
)
))
\Fld@menulength=\count291
\Field@Width=\dimen153
\Fld@charsize=\dimen154
Package hyperref Info: Hyper figures OFF on input line 6042.
Package hyperref Info: Link nesting OFF on input line 6047.
Package hyperref Info: Hyper index ON on input line 6050.
Package hyperref Info: backreferencing OFF on input line 6057.
Package hyperref Info: Link coloring OFF on input line 6062.
Package hyperref Info: Link coloring with OCG OFF on input line 6067.
Package hyperref Info: PDF/A mode OFF on input line 6072.

(/nix/store/p1yahfldxg4ayc58dflvrrssbmpikhg0-texlive-combined-full-2024-final-t
exmfdist/tex/latex/base/atbegshi-ltx.sty
Package: atbegshi-ltx 2021/01/10 v1.0c Emulation of the original atbegshi
package with kernel methods
)
\Hy@abspage=\count292
\c@Item=\count293
\c@Hfootnote=\count294
)
Package hyperref Info: Driver (autodetected): hpdftex.

(/nix/store/p1yahfldxg4ayc58dflvrrssbmpikhg0-texlive-combined-full-2024-final-t
exmfdist/tex/latex/hyperref/hpdftex.def
File: hpdftex.def 2024-11-05 v7.01l Hyperref driver for pdfTeX

(/nix/store/p1yahfldxg4ayc58dflvrrssbmpikhg0-texlive-combined-full-2024-final-t
exmfdist/tex/latex/base/atveryend-ltx.sty
Package: atveryend-ltx 2020/08/19 v1.0a Emulation of the original atveryend pac
kage
with kernel methods
)
\Fld@listcount=\count295
\c@bookmark@seq@number=\count296

(/nix/store/p1yahfldxg4ayc58dflvrrssbmpikhg0-texlive-combined-full-2024-final-t
exmfdist/tex/latex/rerunfilecheck/rerunfilecheck.sty
Package: rerunfilecheck 2022-07-10 v1.10 Rerun checks for auxiliary files (HO)

(/nix/store/p1yahfldxg4ayc58dflvrrssbmpikhg0-texlive-combined-full-2024-final-t
exmfdist/tex/generic/uniquecounter/uniquecounter.sty
Package: uniquecounter 2019/12/15 v1.4 Provide unlimited unique counter (HO)
)
Package uniquecounter Info: New unique counter `rerunfilecheck' on input line 2
85.
)
\Hy@SectionHShift=\skip56
)
(/nix/store/p1yahfldxg4ayc58dflvrrssbmpikhg0-texlive-combined-full-2024-final-t
exmfdist/tex/latex/cancel/cancel.sty
Package: cancel 2013/04/12 v2.2 Cancel math terms
)
(/nix/store/p1yahfldxg4ayc58dflvrrssbmpikhg0-texlive-combined-full-2024-final-t
exmfdist/tex/latex/tools/indentfirst.sty
Package: indentfirst 2023/07/02 v1.03 Indent first paragraph (DPC)
)
(/nix/store/p1yahfldxg4ayc58dflvrrssbmpikhg0-texlive-combined-full-2024-final-t
exmfdist/tex/latex/graphics/graphicx.sty
Package: graphicx 2021/09/16 v1.2d Enhanced LaTeX Graphics (DPC,SPQR)

(/nix/store/p1yahfldxg4ayc58dflvrrssbmpikhg0-texlive-combined-full-2024-final-t
exmfdist/tex/latex/graphics/graphics.sty
Package: graphics 2024/08/06 v1.4g Standard LaTeX Graphics (DPC,SPQR)

(/nix/store/p1yahfldxg4ayc58dflvrrssbmpikhg0-texlive-combined-full-2024-final-t
exmfdist/tex/latex/graphics/trig.sty
Package: trig 2023/12/02 v1.11 sin cos tan (DPC)
)
(/nix/store/p1yahfldxg4ayc58dflvrrssbmpikhg0-texlive-combined-full-2024-final-t
exmfdist/tex/latex/graphics-cfg/graphics.cfg
File: graphics.cfg 2016/06/04 v1.11 sample graphics configuration
)
Package graphics Info: Driver file: pdftex.def on input line 106.
)
\Gin@req@height=\dimen155
\Gin@req@width=\dimen156
)
(/nix/store/p1yahfldxg4ayc58dflvrrssbmpikhg0-texlive-combined-full-2024-final-t
exmfdist/tex/latex/epstopdf-pkg/epstopdf.sty
Package: epstopdf 2020-01-24 v2.11 Conversion with epstopdf on the fly (HO)

(/nix/store/p1yahfldxg4ayc58dflvrrssbmpikhg0-texlive-combined-full-2024-final-t
exmfdist/tex/latex/grfext/grfext.sty
Package: grfext 2019/12/03 v1.3 Manage graphics extensions (HO)
)
(/nix/store/p1yahfldxg4ayc58dflvrrssbmpikhg0-texlive-combined-full-2024-final-t
exmfdist/tex/latex/epstopdf-pkg/epstopdf-base.sty
Package: epstopdf-base 2020-01-24 v2.11 Base part for package epstopdf
Package epstopdf-base Info: Redefining graphics rule for `.eps' on input line 4
85.
Package grfext Info: Graphics extension search list:
(grfext)             [.pdf,.png,.jpg,.mps,.jpeg,.jbig2,.jb2,.PDF,.PNG,.JPG,.JPE
G,.JBIG2,.JB2,.eps]
(grfext)             \AppendGraphicsExtensions on input line 504.

(/nix/store/p1yahfldxg4ayc58dflvrrssbmpikhg0-texlive-combined-full-2024-final-t
exmfdist/tex/latex/latexconfig/epstopdf-sys.cfg
File: epstopdf-sys.cfg 2010/07/13 v1.3 Configuration of (r)epstopdf for TeX Liv
e
)))
(/nix/store/p1yahfldxg4ayc58dflvrrssbmpikhg0-texlive-combined-full-2024-final-t
exmfdist/tex/latex/tools/dcolumn.sty
Package: dcolumn 2023/07/08 v1.06 decimal alignment package (DPC)

(/nix/store/p1yahfldxg4ayc58dflvrrssbmpikhg0-texlive-combined-full-2024-final-t
exmfdist/tex/latex/tools/array.sty
Package: array 2024/10/17 v2.6g Tabular extension package (FMi)
\col@sep=\dimen157
\ar@mcellbox=\box54
\extrarowheight=\dimen158
\NC@list=\toks25
\extratabsurround=\skip57
\backup@length=\skip58
\ar@cellbox=\box55
))
(/nix/store/p1yahfldxg4ayc58dflvrrssbmpikhg0-texlive-combined-full-2024-final-t
exmfdist/tex/latex/lipsum/lipsum.sty
(/nix/store/p1yahfldxg4ayc58dflvrrssbmpikhg0-texlive-combined-full-2024-final-t
exmfdist/tex/latex/l3packages/l3keys2e/l3keys2e.sty
(/nix/store/p1yahfldxg4ayc58dflvrrssbmpikhg0-texlive-combined-full-2024-final-t
exmfdist/tex/latex/l3kernel/expl3.sty
Package: expl3 2025-01-18 L3 programming layer (loader) 

(/nix/store/p1yahfldxg4ayc58dflvrrssbmpikhg0-texlive-combined-full-2024-final-t
exmfdist/tex/latex/l3backend/l3backend-pdftex.def
File: l3backend-pdftex.def 2024-05-08 L3 backend support: PDF output (pdfTeX)
\l__color_backend_stack_int=\count297
\l__pdf_internal_box=\box56
))
Package: l3keys2e 2024-08-16 LaTeX2e option processing using LaTeX3 keys
)
Package: lipsum 2021-09-20 v2.7 150 paragraphs of Lorem Ipsum dummy text
\g__lipsum_par_int=\count298
\l__lipsum_a_int=\count299
\l__lipsum_b_int=\count300

(/nix/store/p1yahfldxg4ayc58dflvrrssbmpikhg0-texlive-combined-full-2024-final-t
exmfdist/tex/latex/lipsum/lipsum.ltd.tex))
(/nix/store/p1yahfldxg4ayc58dflvrrssbmpikhg0-texlive-combined-full-2024-final-t
exmfdist/tex/latex/enumitem/enumitem.sty
Package: enumitem 2025/02/06 v3.11 Customized lists
\labelindent=\skip59
\enit@outerparindent=\dimen159
\enit@toks=\toks26
\enit@inbox=\box57
\enit@count@id=\count301
\enitdp@description=\count302
)
(/nix/store/p1yahfldxg4ayc58dflvrrssbmpikhg0-texlive-combined-full-2024-final-t
exmfdist/tex/latex/txfonts/txfonts.sty
Package: txfonts 2008/01/22 v3.2.1
LaTeX Font Info:    Redeclaring symbol font `operators' on input line 21.
LaTeX Font Info:    Overwriting symbol font `operators' in version `normal'
(Font)                  OT1/cmr/m/n --> OT1/txr/m/n on input line 21.
LaTeX Font Info:    Overwriting symbol font `operators' in version `bold'
(Font)                  OT1/cmr/bx/n --> OT1/txr/m/n on input line 21.
LaTeX Font Info:    Overwriting symbol font `operators' in version `bold'
(Font)                  OT1/txr/m/n --> OT1/txr/bx/n on input line 22.
\symitalic=\mathgroup10
LaTeX Font Info:    Overwriting symbol font `italic' in version `bold'
(Font)                  OT1/txr/m/it --> OT1/txr/bx/it on input line 26.
LaTeX Font Info:    Redeclaring math alphabet \mathbf on input line 29.
LaTeX Font Info:    Redeclaring math alphabet \mathit on input line 30.
LaTeX Font Info:    Overwriting math alphabet `\mathit' in version `normal'
(Font)                  OT1/cmr/m/it --> OT1/txr/m/it on input line 30.
LaTeX Font Info:    Overwriting math alphabet `\mathit' in version `bold'
(Font)                  OT1/cmr/bx/it --> OT1/txr/m/it on input line 30.
LaTeX Font Info:    Overwriting math alphabet `\mathit' in version `bold'
(Font)                  OT1/txr/m/it --> OT1/txr/bx/it on input line 31.
LaTeX Font Info:    Redeclaring math alphabet \mathsf on input line 40.
LaTeX Font Info:    Overwriting math alphabet `\mathsf' in version `normal'
(Font)                  OT1/cmss/m/n --> OT1/txss/m/n on input line 40.
LaTeX Font Info:    Overwriting math alphabet `\mathsf' in version `bold'
(Font)                  OT1/cmss/bx/n --> OT1/txss/m/n on input line 40.
LaTeX Font Info:    Overwriting math alphabet `\mathsf' in version `bold'
(Font)                  OT1/txss/m/n --> OT1/txss/b/n on input line 41.
LaTeX Font Info:    Redeclaring math alphabet \mathtt on input line 50.
LaTeX Font Info:    Overwriting math alphabet `\mathtt' in version `normal'
(Font)                  OT1/cmtt/m/n --> OT1/txtt/m/n on input line 50.
LaTeX Font Info:    Overwriting math alphabet `\mathtt' in version `bold'
(Font)                  OT1/cmtt/m/n --> OT1/txtt/m/n on input line 50.
LaTeX Font Info:    Overwriting math alphabet `\mathtt' in version `bold'
(Font)                  OT1/txtt/m/n --> OT1/txtt/b/n on input line 51.
LaTeX Font Info:    Redeclaring symbol font `letters' on input line 58.
LaTeX Font Info:    Overwriting symbol font `letters' in version `normal'
(Font)                  OML/cmm/m/it --> OML/txmi/m/it on input line 58.
LaTeX Font Info:    Overwriting symbol font `letters' in version `bold'
(Font)                  OML/cmm/b/it --> OML/txmi/m/it on input line 58.
LaTeX Font Info:    Overwriting symbol font `letters' in version `bold'
(Font)                  OML/txmi/m/it --> OML/txmi/bx/it on input line 59.
\symlettersA=\mathgroup11
LaTeX Font Info:    Overwriting symbol font `lettersA' in version `bold'
(Font)                  U/txmia/m/it --> U/txmia/bx/it on input line 67.
LaTeX Font Info:    Redeclaring math alphabet \mathfrak on input line 70.
LaTeX Font Info:    Redeclaring symbol font `symbols' on input line 77.
LaTeX Font Info:    Overwriting symbol font `symbols' in version `normal'
(Font)                  OMS/cmsy/m/n --> OMS/txsy/m/n on input line 77.
LaTeX Font Info:    Overwriting symbol font `symbols' in version `bold'
(Font)                  OMS/cmsy/b/n --> OMS/txsy/m/n on input line 77.
LaTeX Font Info:    Overwriting symbol font `symbols' in version `bold'
(Font)                  OMS/txsy/m/n --> OMS/txsy/bx/n on input line 78.
LaTeX Font Info:    Redeclaring symbol font `AMSa' on input line 93.
LaTeX Font Info:    Overwriting symbol font `AMSa' in version `normal'
(Font)                  U/msa/m/n --> U/txsya/m/n on input line 93.
LaTeX Font Info:    Overwriting symbol font `AMSa' in version `bold'
(Font)                  U/msa/m/n --> U/txsya/m/n on input line 93.
LaTeX Font Info:    Overwriting symbol font `AMSa' in version `bold'
(Font)                  U/txsya/m/n --> U/txsya/bx/n on input line 94.
LaTeX Font Info:    Redeclaring symbol font `AMSb' on input line 102.
LaTeX Font Info:    Overwriting symbol font `AMSb' in version `normal'
(Font)                  U/msb/m/n --> U/txsyb/m/n on input line 102.
LaTeX Font Info:    Overwriting symbol font `AMSb' in version `bold'
(Font)                  U/msb/m/n --> U/txsyb/m/n on input line 102.
LaTeX Font Info:    Overwriting symbol font `AMSb' in version `bold'
(Font)                  U/txsyb/m/n --> U/txsyb/bx/n on input line 103.
\symsymbolsC=\mathgroup12
LaTeX Font Info:    Overwriting symbol font `symbolsC' in version `bold'
(Font)                  U/txsyc/m/n --> U/txsyc/bx/n on input line 113.
LaTeX Font Info:    Redeclaring symbol font `largesymbols' on input line 120.
LaTeX Font Info:    Overwriting symbol font `largesymbols' in version `normal'
(Font)                  OMX/cmex/m/n --> OMX/txex/m/n on input line 120.
LaTeX Font Info:    Overwriting symbol font `largesymbols' in version `bold'
(Font)                  OMX/cmex/m/n --> OMX/txex/m/n on input line 120.
LaTeX Font Info:    Overwriting symbol font `largesymbols' in version `bold'
(Font)                  OMX/txex/m/n --> OMX/txex/bx/n on input line 121.
\symlargesymbolsA=\mathgroup13
LaTeX Font Info:    Overwriting symbol font `largesymbolsA' in version `bold'
(Font)                  U/txexa/m/n --> U/txexa/bx/n on input line 129.
LaTeX Font Info:    Redeclaring math symbol \mathsterling on input line 164.
LaTeX Info: Redefining \not on input line 1043.
)
(/nix/store/p1yahfldxg4ayc58dflvrrssbmpikhg0-texlive-combined-full-2024-final-t
exmfdist/tex/latex/esint/esint.sty
Package: esint 
LaTeX Font Info:    Redeclaring symbol font `largesymbolsA' on input line 36.
LaTeX Font Info:    Overwriting symbol font `largesymbolsA' in version `normal'

(Font)                  U/txexa/m/n --> U/esint/m/n on input line 36.
LaTeX Font Info:    Overwriting symbol font `largesymbolsA' in version `bold'
(Font)                  U/txexa/bx/n --> U/esint/m/n on input line 36.
)
(/nix/store/p1yahfldxg4ayc58dflvrrssbmpikhg0-texlive-combined-full-2024-final-t
exmfdist/tex/latex/mathtools/mathtools.sty
Package: mathtools 2024/10/04 v1.31 mathematical typesetting tools

(/nix/store/p1yahfldxg4ayc58dflvrrssbmpikhg0-texlive-combined-full-2024-final-t
exmfdist/tex/latex/tools/calc.sty
Package: calc 2023/07/08 v4.3 Infix arithmetic (KKT,FJ)
\calc@Acount=\count303
\calc@Bcount=\count304
\calc@Adimen=\dimen160
\calc@Bdimen=\dimen161
\calc@Askip=\skip60
\calc@Bskip=\skip61
LaTeX Info: Redefining \setlength on input line 80.
LaTeX Info: Redefining \addtolength on input line 81.
\calc@Ccount=\count305
\calc@Cskip=\skip62
)
(/nix/store/p1yahfldxg4ayc58dflvrrssbmpikhg0-texlive-combined-full-2024-final-t
exmfdist/tex/latex/mathtools/mhsetup.sty
Package: mhsetup 2021/03/18 v1.4 programming setup (MH)
)
\g_MT_multlinerow_int=\count306
\l_MT_multwidth_dim=\dimen162
\origjot=\skip63
\l_MT_shortvdotswithinadjustabove_dim=\dimen163
\l_MT_shortvdotswithinadjustbelow_dim=\dimen164
\l_MT_above_intertext_sep=\dimen165
\l_MT_below_intertext_sep=\dimen166
\l_MT_above_shortintertext_sep=\dimen167
\l_MT_below_shortintertext_sep=\dimen168
\xmathstrut@box=\box58
\xmathstrut@dim=\dimen169
)
(/nix/store/p1yahfldxg4ayc58dflvrrssbmpikhg0-texlive-combined-full-2024-final-t
exmfdist/tex/latex/transparent/transparent.sty
Package: transparent 2022-10-27 v1.5 Transparency with color stacks

(/nix/store/p1yahfldxg4ayc58dflvrrssbmpikhg0-texlive-combined-full-2024-final-t
exmfdist/tex/latex/transparent/transparent-nometadata.sty
Package: transparent-nometadata 2022-10-27 v1.5 Transparency via pdfTeX's color
 stack (HO)

(/nix/store/p1yahfldxg4ayc58dflvrrssbmpikhg0-texlive-combined-full-2024-final-t
exmfdist/tex/latex/auxhook/auxhook.sty
Package: auxhook 2019-12-17 v1.6 Hooks for auxiliary files (HO)
)))
(/nix/store/p1yahfldxg4ayc58dflvrrssbmpikhg0-texlive-combined-full-2024-final-t
exmfdist/tex/latex/was/upgreek.sty
Package: upgreek 2003/02/12 v2.0 (WaS)
Package upgreek Info: Using Euler Roman for upright Greek on input line 31.
\symugrf@m=\mathgroup14
LaTeX Font Info:    Overwriting symbol font `ugrf@m' in version `bold'
(Font)                  U/eur/m/n --> U/eur/b/n on input line 38.
)
(/nix/store/p1yahfldxg4ayc58dflvrrssbmpikhg0-texlive-combined-full-2024-final-t
exmfdist/tex/latex/tools/tabularx.sty
Package: tabularx 2023/12/11 v2.12a `tabularx' package (DPC)
\TX@col@width=\dimen170
\TX@old@table=\dimen171
\TX@old@col=\dimen172
\TX@target=\dimen173
\TX@delta=\dimen174
\TX@cols=\count307
\TX@ftn=\toks27
)
(/nix/store/p1yahfldxg4ayc58dflvrrssbmpikhg0-texlive-combined-full-2024-final-t
exmfdist/tex/latex/csquotes/csquotes.sty
Package: csquotes 2024-04-04 v5.2o context-sensitive quotations (JAW)
\csq@reset=\count308
\csq@gtype=\count309
\csq@glevel=\count310
\csq@qlevel=\count311
\csq@maxlvl=\count312
\csq@tshold=\count313
\csq@ltx@everypar=\toks28

(/nix/store/p1yahfldxg4ayc58dflvrrssbmpikhg0-texlive-combined-full-2024-final-t
exmfdist/tex/latex/csquotes/csquotes.def
File: csquotes.def 2024-04-04 v5.2o csquotes generic definitions (JAW)
)
Package csquotes Info: Trying to load configuration file 'csquotes.cfg'...
Package csquotes Info: ... configuration file loaded successfully.

(/nix/store/p1yahfldxg4ayc58dflvrrssbmpikhg0-texlive-combined-full-2024-final-t
exmfdist/tex/latex/csquotes/csquotes.cfg
File: csquotes.cfg 
))
(/nix/store/p1yahfldxg4ayc58dflvrrssbmpikhg0-texlive-combined-full-2024-final-t
exmfdist/tex/latex/siunitx/siunitx.sty
Package: siunitx 2025-02-27 v3.4.6 A comprehensive (SI) units package
\l__siunitx_number_uncert_offset_int=\count314
\l__siunitx_number_exponent_fixed_int=\count315
\l__siunitx_number_min_decimal_int=\count316
\l__siunitx_number_min_integer_int=\count317
\l__siunitx_number_round_precision_int=\count318
\l__siunitx_number_lower_threshold_int=\count319
\l__siunitx_number_upper_threshold_int=\count320
\l__siunitx_number_group_first_int=\count321
\l__siunitx_number_group_size_int=\count322
\l__siunitx_number_group_minimum_int=\count323
\l__siunitx_angle_tmp_dim=\dimen175
\l__siunitx_angle_marker_box=\box59
\l__siunitx_angle_unit_box=\box60
\l__siunitx_compound_count_int=\count324

(/nix/store/p1yahfldxg4ayc58dflvrrssbmpikhg0-texlive-combined-full-2024-final-t
exmfdist/tex/latex/translations/translations.sty
Package: translations 2022/02/05 v1.12 internationalization of LaTeX2e packages
 (CN)
)
\l__siunitx_table_tmp_box=\box61
\l__siunitx_table_tmp_dim=\dimen176
\l__siunitx_table_column_width_dim=\dimen177
\l__siunitx_table_integer_box=\box62
\l__siunitx_table_decimal_box=\box63
\l__siunitx_table_uncert_box=\box64
\l__siunitx_table_before_box=\box65
\l__siunitx_table_after_box=\box66
\l__siunitx_table_before_dim=\dimen178
\l__siunitx_table_carry_dim=\dimen179
\l__siunitx_unit_tmp_int=\count325
\l__siunitx_unit_position_int=\count326
\l__siunitx_unit_total_int=\count327
)
Package csquotes Info: Checking for multilingual support...
Package csquotes Info: ... none found.
Package translations Info: No language package found. I am going to use `englis
h' as default language. on input line 66.
LaTeX Font Info:    Trying to load font information for OT1+txr on input line 6
6.

(/nix/store/p1yahfldxg4ayc58dflvrrssbmpikhg0-texlive-combined-full-2024-final-t
exmfdist/tex/latex/txfonts/ot1txr.fd
File: ot1txr.fd 2000/12/15 v3.1
) (./baikal.aux)
\openout1 = `baikal.aux'.

LaTeX Font Info:    Checking defaults for OML/txmi/m/it on input line 66.
LaTeX Font Info:    Trying to load font information for OML+txmi on input line 
66.

(/nix/store/p1yahfldxg4ayc58dflvrrssbmpikhg0-texlive-combined-full-2024-final-t
exmfdist/tex/latex/txfonts/omltxmi.fd
File: omltxmi.fd 2000/12/15 v3.1
)
LaTeX Font Info:    ... okay on input line 66.
LaTeX Font Info:    Checking defaults for OMS/txsy/m/n on input line 66.
LaTeX Font Info:    Trying to load font information for OMS+txsy on input line 
66.

(/nix/store/p1yahfldxg4ayc58dflvrrssbmpikhg0-texlive-combined-full-2024-final-t
exmfdist/tex/latex/txfonts/omstxsy.fd
File: omstxsy.fd 2000/12/15 v3.1
)
LaTeX Font Info:    ... okay on input line 66.
LaTeX Font Info:    Checking defaults for OT1/cmr/m/n on input line 66.
LaTeX Font Info:    ... okay on input line 66.
LaTeX Font Info:    Checking defaults for T1/cmr/m/n on input line 66.
LaTeX Font Info:    ... okay on input line 66.
LaTeX Font Info:    Checking defaults for TS1/cmr/m/n on input line 66.
LaTeX Font Info:    ... okay on input line 66.
LaTeX Font Info:    Checking defaults for OMX/txex/m/n on input line 66.
LaTeX Font Info:    Trying to load font information for OMX+txex on input line 
66.

(/nix/store/p1yahfldxg4ayc58dflvrrssbmpikhg0-texlive-combined-full-2024-final-t
exmfdist/tex/latex/txfonts/omxtxex.fd
File: omxtxex.fd 2000/12/15 v3.1
)
LaTeX Font Info:    ... okay on input line 66.
LaTeX Font Info:    Checking defaults for U/txexa/m/n on input line 66.
LaTeX Font Info:    Trying to load font information for U+txexa on input line 6
6.

(/nix/store/p1yahfldxg4ayc58dflvrrssbmpikhg0-texlive-combined-full-2024-final-t
exmfdist/tex/latex/txfonts/utxexa.fd
File: utxexa.fd 2000/12/15 v3.1
)
LaTeX Font Info:    ... okay on input line 66.
LaTeX Font Info:    Checking defaults for PD1/pdf/m/n on input line 66.
LaTeX Font Info:    ... okay on input line 66.
LaTeX Font Info:    Checking defaults for PU/pdf/m/n on input line 66.
LaTeX Font Info:    ... okay on input line 66.

(/nix/store/p1yahfldxg4ayc58dflvrrssbmpikhg0-texlive-combined-full-2024-final-t
exmfdist/tex/context/base/mkii/supp-pdf.mkii
[Loading MPS to PDF converter (version 2006.09.02).]
\scratchcounter=\count328
\scratchdimen=\dimen180
\scratchbox=\box67
\nofMPsegments=\count329
\nofMParguments=\count330
\everyMPshowfont=\toks29
\MPscratchCnt=\count331
\MPscratchDim=\dimen181
\MPnumerator=\count332
\makeMPintoPDFobject=\count333
\everyMPtoPDFconversion=\toks30
)
Package hyperref Info: Link coloring OFF on input line 66.
 (./baikal.out) (./baikal.out)
\@outlinefile=\write3
\openout3 = `baikal.out'.


(/nix/store/p1yahfldxg4ayc58dflvrrssbmpikhg0-texlive-combined-full-2024-final-t
exmfdist/tex/latex/translations/translations-basic-dictionary-english.trsl
File: translations-basic-dictionary-english.trsl (english translation file `tra
nslations-basic-dictionary')
)
Package translations Info: loading dictionary `translations-basic-dictionary' f
or `english'. on input line 66.
LaTeX Font Info:    Trying to load font information for TS1+txr on input line 7
5.

(/nix/store/p1yahfldxg4ayc58dflvrrssbmpikhg0-texlive-combined-full-2024-final-t
exmfdist/tex/latex/txfonts/ts1txr.fd
File: ts1txr.fd 2000/12/15 v3.1
)

[1

{/nix/store/lga54lc1c2yx98c3vmxf2k64hv0vif7a-texlive-combined-full-2024-final/s
hare/texmf-var/fonts/map/pdftex/updmap/pdftex.map}{/nix/store/p1yahfldxg4ayc58d
flvrrssbmpikhg0-texlive-combined-full-2024-final-texmfdist/fonts/enc/dvips/base
/8r.enc}]
LaTeX Font Info:    Font shape `OT1/txr/b/n' in size <17.28> not available
(Font)              Font shape `OT1/txr/bx/n' tried instead on input line 76.
LaTeX Font Info:    Trying to load font information for U+txsya on input line 8
6.

(/nix/store/p1yahfldxg4ayc58dflvrrssbmpikhg0-texlive-combined-full-2024-final-t
exmfdist/tex/latex/txfonts/utxsya.fd
File: utxsya.fd 2000/12/15 v3.1
)
LaTeX Font Info:    Trying to load font information for U+txsyb on input line 8
6.

(/nix/store/p1yahfldxg4ayc58dflvrrssbmpikhg0-texlive-combined-full-2024-final-t
exmfdist/tex/latex/txfonts/utxsyb.fd
File: utxsyb.fd 2000/12/15 v3.1
)
LaTeX Font Info:    Trying to load font information for U+lasy on input line 86
.

(/nix/store/p1yahfldxg4ayc58dflvrrssbmpikhg0-texlive-combined-full-2024-final-t
exmfdist/tex/latex/base/ulasy.fd
File: ulasy.fd 1998/08/17 v2.2e LaTeX symbol font definitions
)
LaTeX Font Info:    Trying to load font information for U+txmia on input line 8
6.

(/nix/store/p1yahfldxg4ayc58dflvrrssbmpikhg0-texlive-combined-full-2024-final-t
exmfdist/tex/latex/txfonts/utxmia.fd
File: utxmia.fd 2000/12/15 v3.1
)
LaTeX Font Info:    Trying to load font information for U+txsyc on input line 8
6.

(/nix/store/p1yahfldxg4ayc58dflvrrssbmpikhg0-texlive-combined-full-2024-final-t
exmfdist/tex/latex/txfonts/utxsyc.fd
File: utxsyc.fd 2000/12/15 v3.1
)
LaTeX Font Info:    Trying to load font information for U+esint on input line 8
6.

(/nix/store/p1yahfldxg4ayc58dflvrrssbmpikhg0-texlive-combined-full-2024-final-t
exmfdist/tex/latex/esint/uesint.fd
File: uesint.fd 
) (./baikal.bbl)

[2] (./baikal.aux)
 ***********
LaTeX2e <2024-11-01> patch level 2
L3 programming layer <2025-01-18>
 ***********
Package rerunfilecheck Info: File `baikal.out' has not changed.
(rerunfilecheck)             Checksum: 9FBA2432BF8A4F5808E3A3996573F529;196.
 ) 
Here is how much of TeX's memory you used:
 17498 strings out of 473201
 347434 string characters out of 5689025
 783345 words of memory out of 5000000
 40461 multiletter control sequences out of 15000+600000
 585723 words of font info for 103 fonts, out of 8000000 for 9000
 1141 hyphenation exceptions out of 8191
 79i,5n,93p,728b,1069s stack positions out of 10000i,1000n,20000p,200000b,200000s
</nix/store/p1yahfldxg4ayc58dflvrrssbmpikhg0-texlive-combined-full-2024-final
-texmfdist/fonts/type1/public/txfonts/rtcxr.pfb></nix/store/p1yahfldxg4ayc58dfl
vrrssbmpikhg0-texlive-combined-full-2024-final-texmfdist/fonts/type1/urw/times/
utmb8a.pfb></nix/store/p1yahfldxg4ayc58dflvrrssbmpikhg0-texlive-combined-full-2
024-final-texmfdist/fonts/type1/urw/times/utmr8a.pfb></nix/store/p1yahfldxg4ayc
58dflvrrssbmpikhg0-texlive-combined-full-2024-final-texmfdist/fonts/type1/urw/t
imes/utmri8a.pfb>
Output written on baikal.pdf (2 pages, 45033 bytes).
PDF statistics:
 53 PDF objects out of 1000 (max. 8388607)
 40 compressed objects within 1 object stream
 7 named destinations out of 1000 (max. 500000)
 17 words of extra memory for PDF output out of 10000 (max. 10000000)

